// Jest Snapshot v1, https://goo.gl/fbAQLP

exports[`RokkaPicture rendering renders correctly 1`] = `
<div
  class="rokka-picture"
>
  <picture>
    <source
      class="rokka--attr-srcset"
      media="(max-width: 1000px)"
      srcset="https://testorg.rokka.io/dynamic/resize-width-100-height-1000--grayscale/o-af-1/1234/image.jpg 1x, https://testorg.rokka.io/dynamic/resize-width-100-height-1000--grayscale/o-af-1-dpr-2/1234/image.jpg 2x"
    />
     
    <source
      class="rokka--attr-srcset"
      media="all"
      srcset="https://testorg.rokka.io/dynamic/resize-width-100-height-1000/o-af-1/1234/image.jpg 1x, https://testorg.rokka.io/dynamic/resize-width-100-height-1000/o-af-1-dpr-2/1234/image.jpg 2x"
    />
     
    <img
      alt="foo"
      class="rokka--attr-src"
      src="https://testorg.rokka.io/dynamic/resize-width-100-height-1000/o-af-1/1234/image.jpg"
      srcset="https://testorg.rokka.io/dynamic/resize-width-100-height-1000/o-af-1/1234/image.jpg 1x, https://testorg.rokka.io/dynamic/resize-width-100-height-1000/o-af-1-dpr-2/1234/image.jpg 2x"
      title="image title"
    />
  </picture>
</div>
`;
